2026-05-12 01:56:06 [INFO    ] main                 [DRY-RUN] DRY-RUN MODE - no real orders placed
2026-05-12 01:56:06 [INFO    ] mexc_client          MEXCClient initialized | dry_run=True
2026-05-12 01:56:06 [INFO    ] data_fetcher         Database initialized: data/trades.db
2026-05-12 01:56:06 [INFO    ] ai_analyst           AI Analyst running in rule-based mode (no GEMINI_API_KEY)
2026-05-12 01:56:06 [INFO    ] trader               Loaded 3 open positions from DB
2026-05-12 01:56:06 [INFO    ] trader               Trader ready | dry_run=True | open=3
2026-05-12 01:56:06 [INFO    ] main                 ============================================================
2026-05-12 01:56:06 [INFO    ] main                   MEXC SCALPING AI BOT  |  dry_run=True
2026-05-12 01:56:06 [INFO    ] main                   Symbols : BTC_USDT, ETH_USDT, XAUT_USDT, SILVER_USDT, USOIL_USDT
2026-05-12 01:56:06 [INFO    ] main                   Interval: Min1 | Check: 1s
2026-05-12 01:56:06 [INFO    ] main                 ============================================================
2026-05-12 01:56:06 [INFO    ] mexc_client          Testing MEXC connection...
2026-05-12 01:56:07 [INFO    ] mexc_client          ✓ Public API OK | BTC price: 81801
2026-05-12 01:56:07 [WARNING ] mexc_client          API keys not configured – only public API tested
2026-05-12 01:56:07 [INFO    ] main                 Loading 1-minute historical data...
2026-05-12 01:56:07 [INFO    ] data_fetcher         Loading history for BTC_USDT...
2026-05-12 01:56:08 [INFO    ] data_fetcher           [OK] BTC_USDT: 300 candles loaded
2026-05-12 01:56:08 [INFO    ] data_fetcher         Loading history for ETH_USDT...
2026-05-12 01:56:08 [INFO    ] data_fetcher           [OK] ETH_USDT: 300 candles loaded
2026-05-12 01:56:08 [INFO    ] data_fetcher         Loading history for XAUT_USDT...
2026-05-12 01:56:08 [INFO    ] data_fetcher           [OK] XAUT_USDT: 300 candles loaded
2026-05-12 01:56:08 [INFO    ] data_fetcher         Loading history for SILVER_USDT...
2026-05-12 01:56:09 [INFO    ] data_fetcher           [OK] SILVER_USDT: 300 candles loaded
2026-05-12 01:56:09 [INFO    ] data_fetcher         Loading history for USOIL_USDT...
2026-05-12 01:56:09 [INFO    ] data_fetcher           [OK] USOIL_USDT: 301 candles loaded
2026-05-12 01:56:09 [INFO    ] data_fetcher         Database initialized: data/trades_htf.db
2026-05-12 01:56:09 [INFO    ] main                 Loading 5-minute higher-timeframe data...
2026-05-12 01:56:09 [INFO    ] data_fetcher         Loading history for BTC_USDT...
2026-05-12 01:56:09 [INFO    ] data_fetcher           [OK] BTC_USDT: 100 candles loaded
2026-05-12 01:56:09 [INFO    ] data_fetcher         Loading history for ETH_USDT...
2026-05-12 01:56:09 [INFO    ] data_fetcher           [OK] ETH_USDT: 100 candles loaded
2026-05-12 01:56:09 [INFO    ] data_fetcher         Loading history for XAUT_USDT...
2026-05-12 01:56:10 [INFO    ] data_fetcher           [OK] XAUT_USDT: 100 candles loaded
2026-05-12 01:56:10 [INFO    ] data_fetcher         Loading history for SILVER_USDT...
2026-05-12 01:56:10 [INFO    ] data_fetcher           [OK] SILVER_USDT: 100 candles loaded
2026-05-12 01:56:10 [INFO    ] data_fetcher         Loading history for USOIL_USDT...
2026-05-12 01:56:10 [INFO    ] data_fetcher           [OK] USOIL_USDT: 101 candles loaded
2026-05-12 01:56:10 [INFO    ] main                   Leverage set: BTC_USDT x 50
2026-05-12 01:56:11 [INFO    ] main                   Leverage set: ETH_USDT x 50
2026-05-12 01:56:11 [INFO    ] main                   Leverage set: XAUT_USDT x 50
2026-05-12 01:56:12 [INFO    ] main                   Leverage set: SILVER_USDT x 50
2026-05-12 01:56:12 [INFO    ] main                   Leverage set: USOIL_USDT x 50
2026-05-12 01:56:12 [INFO    ] main                 Initializing AI models...
2026-05-12 01:56:12 [INFO    ] ai_model             Loaded saved model for BTC_USDT
2026-05-12 01:56:12 [INFO    ] ai_model             Loaded saved model for ETH_USDT
2026-05-12 01:56:12 [INFO    ] ai_model             Loaded saved model for XAUT_USDT
2026-05-12 01:56:12 [INFO    ] ai_model             Loaded saved model for SILVER_USDT
2026-05-12 01:56:12 [INFO    ] ai_model             Loaded saved model for USOIL_USDT
2026-05-12 01:56:13 [INFO    ] mexc_client          WebSocket connected
2026-05-12 01:56:13 [INFO    ] mexc_client          WebSocket ready
2026-05-12 01:56:13 [INFO    ] main                 [OK] WebSocket live feed active
2026-05-12 01:56:13 [INFO    ] mexc_client          Subscribed to BTC_USDT
2026-05-12 01:56:13 [INFO    ] mexc_client          Subscribed to ETH_USDT
2026-05-12 01:56:13 [INFO    ] mexc_client          Subscribed to XAUT_USDT
2026-05-12 01:56:13 [INFO    ] mexc_client          Subscribed to SILVER_USDT
2026-05-12 01:56:13 [INFO    ] mexc_client          Subscribed to USOIL_USDT
2026-05-12 01:56:13 [ERROR   ] mexc_client          API error GET /api/v1/private/account/assets: Internal error. Please try again.
2026-05-12 01:56:13 [INFO    ] risk_manager         Daily reset | balance=100.00 USDT
2026-05-12 01:56:13 [INFO    ] main                 Starting balance: 100.00 USDT
2026-05-12 01:56:13 [INFO    ] main                 [RUN] Scalping loop started
2026-05-12 01:56:13 [INFO    ] main                 [DASHBOARD] Dashboard -> http://localhost:5000
2026-05-12 01:56:15 [INFO    ] mexc_client          [DRY-RUN] place_order symbol=BTC_USDT side=4 vol=122.0 slp=None tp=None
2026-05-12 01:57:19 [ERROR   ] mexc_client          WebSocket error: fin=1 opcode=8 data=b''
2026-05-12 01:57:19 [WARNING ] mexc_client          WebSocket closed: None None
2026-05-12 01:57:24 [INFO    ] mexc_client          Reconnecting WebSocket...
2026-05-12 01:57:25 [INFO    ] mexc_client          WebSocket connected
2026-05-12 01:57:25 [INFO    ] mexc_client          WebSocket ready
2026-05-12 01:57:25 [INFO    ] mexc_client          Subscribed to BTC_USDT
2026-05-12 01:57:25 [INFO    ] mexc_client          Subscribed to ETH_USDT
2026-05-12 01:57:25 [INFO    ] mexc_client          Subscribed to XAUT_USDT
2026-05-12 01:57:25 [INFO    ] mexc_client          Subscribed to SILVER_USDT
2026-05-12 01:57:25 [INFO    ] mexc_client          Subscribed to USOIL_USDT
2026-05-12 01:58:28 [ERROR   ] mexc_client          WebSocket error: fin=1 opcode=8 data=b''
2026-05-12 01:58:28 [WARNING ] mexc_client          WebSocket closed: None None
2026-05-12 01:58:33 [INFO    ] mexc_client          Reconnecting WebSocket...
2026-05-12 01:58:34 [INFO    ] mexc_client          WebSocket connected
2026-05-12 01:58:34 [INFO    ] mexc_client          WebSocket ready
2026-05-12 01:58:34 [INFO    ] mexc_client          Subscribed to BTC_USDT
2026-05-12 01:58:34 [INFO    ] mexc_client          Subscribed to ETH_USDT
2026-05-12 01:58:34 [INFO    ] mexc_client          Subscribed to XAUT_USDT
2026-05-12 01:58:34 [INFO    ] mexc_client          Subscribed to SILVER_USDT
2026-05-12 01:58:34 [INFO    ] mexc_client          Subscribed to USOIL_USDT
2026-05-12 01:59:39 [ERROR   ] mexc_client          WebSocket error: fin=1 opcode=8 data=b''
2026-05-12 01:59:39 [WARNING ] mexc_client          WebSocket closed: None None
2026-05-12 01:59:44 [INFO    ] mexc_client          Reconnecting WebSocket...
2026-05-12 01:59:44 [INFO    ] mexc_client          WebSocket connected
2026-05-12 01:59:44 [INFO    ] mexc_client          WebSocket ready
2026-05-12 01:59:44 [INFO    ] mexc_client          Subscribed to BTC_USDT
2026-05-12 01:59:44 [INFO    ] mexc_client          Subscribed to ETH_USDT
2026-05-12 01:59:44 [INFO    ] mexc_client          Subscribed to XAUT_USDT
2026-05-12 01:59:44 [INFO    ] mexc_client          Subscribed to SILVER_USDT
2026-05-12 01:59:44 [INFO    ] mexc_client          Subscribed to USOIL_USDT
2026-05-12 02:00:48 [ERROR   ] mexc_client          WebSocket error: fin=1 opcode=8 data=b''
2026-05-12 02:00:48 [WARNING ] mexc_client          WebSocket closed: None None
2026-05-12 02:00:53 [INFO    ] mexc_client          Reconnecting WebSocket...
2026-05-12 02:00:54 [INFO    ] mexc_client          WebSocket connected
2026-05-12 02:00:54 [INFO    ] mexc_client          Subscribed to BTC_USDT
2026-05-12 02:00:54 [INFO    ] mexc_client          WebSocket ready
2026-05-12 02:00:54 [INFO    ] mexc_client          Subscribed to ETH_USDT
2026-05-12 02:00:54 [INFO    ] mexc_client          Subscribed to XAUT_USDT
2026-05-12 02:00:54 [INFO    ] mexc_client          Subscribed to SILVER_USDT
2026-05-12 02:00:54 [INFO    ] mexc_client          Subscribed to USOIL_USDT
2026-05-12 02:01:58 [ERROR   ] mexc_client          WebSocket error: fin=1 opcode=8 data=b''
2026-05-12 02:01:58 [WARNING ] mexc_client          WebSocket closed: None None
2026-05-12 02:02:03 [INFO    ] mexc_client          Reconnecting WebSocket...
2026-05-12 02:02:04 [INFO    ] mexc_client          WebSocket connected
2026-05-12 02:02:04 [INFO    ] mexc_client          Subscribed to BTC_USDT
2026-05-12 02:02:04 [INFO    ] mexc_client          Subscribed to ETH_USDT
2026-05-12 02:02:04 [INFO    ] mexc_client          WebSocket ready
2026-05-12 02:02:04 [INFO    ] mexc_client          Subscribed to XAUT_USDT
2026-05-12 02:02:04 [INFO    ] mexc_client          Subscribed to SILVER_USDT
2026-05-12 02:02:04 [INFO    ] mexc_client          Subscribed to USOIL_USDT
2026-05-12 02:03:04 [ERROR   ] mexc_client          WebSocket error: fin=1 opcode=8 data=b''
2026-05-12 02:03:04 [WARNING ] mexc_client          WebSocket closed: None None
2026-05-12 02:03:09 [INFO    ] mexc_client          Reconnecting WebSocket...
2026-05-12 02:03:09 [INFO    ] mexc_client          WebSocket connected
2026-05-12 02:03:09 [INFO    ] mexc_client          WebSocket ready
2026-05-12 02:03:09 [INFO    ] mexc_client          Subscribed to BTC_USDT
2026-05-12 02:03:09 [INFO    ] mexc_client          Subscribed to ETH_USDT
2026-05-12 02:03:09 [INFO    ] mexc_client          Subscribed to XAUT_USDT
2026-05-12 02:03:09 [INFO    ] mexc_client          Subscribed to SILVER_USDT
2026-05-12 02:03:09 [INFO    ] mexc_client          Subscribed to USOIL_USDT
2026-05-12 02:04:19 [ERROR   ] mexc_client          WebSocket error: fin=1 opcode=8 data=b''
2026-05-12 02:04:19 [WARNING ] mexc_client          WebSocket closed: None None
2026-05-12 02:04:24 [INFO    ] mexc_client          Reconnecting WebSocket...
2026-05-12 02:04:24 [INFO    ] mexc_client          WebSocket connected
2026-05-12 02:04:24 [INFO    ] mexc_client          WebSocket ready
2026-05-12 02:04:24 [INFO    ] mexc_client          Subscribed to BTC_USDT
2026-05-12 02:04:24 [INFO    ] mexc_client          Subscribed to ETH_USDT
2026-05-12 02:04:24 [INFO    ] mexc_client          Subscribed to XAUT_USDT
2026-05-12 02:04:24 [INFO    ] mexc_client          Subscribed to SILVER_USDT
2026-05-12 02:04:24 [INFO    ] mexc_client          Subscribed to USOIL_USDT
2026-05-12 02:05:33 [ERROR   ] mexc_client          WebSocket error: fin=1 opcode=8 data=b''
2026-05-12 02:05:33 [WARNING ] mexc_client          WebSocket closed: None None
2026-05-12 02:05:58 [INFO    ] main                 [DRY-RUN] DRY-RUN MODE - no real orders placed
2026-05-12 02:05:58 [INFO    ] mexc_client          MEXCClient initialized | dry_run=True
2026-05-12 02:05:58 [INFO    ] data_fetcher         Database initialized: data/trades.db
2026-05-12 02:05:58 [INFO    ] ai_analyst           AI Analyst running in rule-based mode (no GEMINI_API_KEY)
2026-05-12 02:05:58 [INFO    ] trader               Loaded 2 open positions from DB
2026-05-12 02:05:58 [INFO    ] trader               Trader ready | dry_run=True | open=2
2026-05-12 02:05:58 [INFO    ] main                 ============================================================
2026-05-12 02:05:58 [INFO    ] main                   MEXC SCALPING AI BOT  |  dry_run=True
2026-05-12 02:05:58 [INFO    ] main                   Symbols : BTC_USDT, ETH_USDT, XAUT_USDT, SILVER_USDT, USOIL_USDT
2026-05-12 02:05:58 [INFO    ] main                   Interval: Min1 | Check: 1s
2026-05-12 02:05:58 [INFO    ] main                 ============================================================
2026-05-12 02:05:58 [INFO    ] mexc_client          Testing MEXC connection...
2026-05-12 02:05:59 [INFO    ] mexc_client          ✓ Public API OK | BTC price: 81786.4
2026-05-12 02:06:00 [ERROR   ] mexc_client          API error GET /api/v1/private/account/assets: Please enable API Key read access
2026-05-12 02:06:00 [INFO    ] mexc_client          ✓ Private API OK | Got account data
2026-05-12 02:06:00 [INFO    ] main                 Loading 1-minute historical data...
2026-05-12 02:06:00 [INFO    ] data_fetcher         Loading history for BTC_USDT...
2026-05-12 02:06:00 [INFO    ] data_fetcher           [OK] BTC_USDT: 301 candles loaded
2026-05-12 02:06:00 [INFO    ] data_fetcher         Loading history for ETH_USDT...
2026-05-12 02:06:00 [INFO    ] data_fetcher           [OK] ETH_USDT: 301 candles loaded
2026-05-12 02:06:00 [INFO    ] data_fetcher         Loading history for XAUT_USDT...
2026-05-12 02:06:00 [INFO    ] data_fetcher           [OK] XAUT_USDT: 300 candles loaded
2026-05-12 02:06:00 [INFO    ] data_fetcher         Loading history for SILVER_USDT...
2026-05-12 02:06:01 [INFO    ] data_fetcher           [OK] SILVER_USDT: 300 candles loaded
2026-05-12 02:06:01 [INFO    ] data_fetcher         Loading history for USOIL_USDT...
2026-05-12 02:06:01 [INFO    ] data_fetcher           [OK] USOIL_USDT: 301 candles loaded
2026-05-12 02:06:01 [INFO    ] data_fetcher         Database initialized: data/trades_htf.db
2026-05-12 02:06:01 [INFO    ] main                 Loading 5-minute higher-timeframe data...
2026-05-12 02:06:01 [INFO    ] data_fetcher         Loading history for BTC_USDT...
2026-05-12 02:06:01 [INFO    ] data_fetcher           [OK] BTC_USDT: 100 candles loaded
2026-05-12 02:06:01 [INFO    ] data_fetcher         Loading history for ETH_USDT...
2026-05-12 02:06:01 [INFO    ] data_fetcher           [OK] ETH_USDT: 100 candles loaded
2026-05-12 02:06:01 [INFO    ] data_fetcher         Loading history for XAUT_USDT...
2026-05-12 02:06:02 [INFO    ] data_fetcher           [OK] XAUT_USDT: 100 candles loaded
2026-05-12 02:06:02 [INFO    ] data_fetcher         Loading history for SILVER_USDT...
2026-05-12 02:06:02 [INFO    ] data_fetcher           [OK] SILVER_USDT: 100 candles loaded
2026-05-12 02:06:02 [INFO    ] data_fetcher         Loading history for USOIL_USDT...
2026-05-12 02:06:02 [INFO    ] data_fetcher           [OK] USOIL_USDT: 101 candles loaded
2026-05-12 02:06:03 [INFO    ] main                   Leverage set: BTC_USDT x 50
2026-05-12 02:06:03 [INFO    ] main                   Leverage set: ETH_USDT x 50
2026-05-12 02:06:03 [INFO    ] main                   Leverage set: XAUT_USDT x 50
2026-05-12 02:06:04 [INFO    ] main                   Leverage set: SILVER_USDT x 50
2026-05-12 02:06:04 [INFO    ] main                   Leverage set: USOIL_USDT x 50
2026-05-12 02:06:04 [INFO    ] main                 Initializing AI models...
2026-05-12 02:06:04 [INFO    ] ai_model             Loaded saved model for BTC_USDT
2026-05-12 02:06:04 [INFO    ] ai_model             Loaded saved model for ETH_USDT
2026-05-12 02:06:04 [INFO    ] ai_model             Loaded saved model for XAUT_USDT
2026-05-12 02:06:04 [INFO    ] ai_model             Loaded saved model for SILVER_USDT
2026-05-12 02:06:04 [INFO    ] ai_model             Loaded saved model for USOIL_USDT
2026-05-12 02:06:05 [INFO    ] mexc_client          WebSocket connected
2026-05-12 02:06:05 [INFO    ] mexc_client          WebSocket ready
2026-05-12 02:06:05 [INFO    ] mexc_client          Subscribed to BTC_USDT
2026-05-12 02:06:05 [INFO    ] main                 [OK] WebSocket live feed active
2026-05-12 02:06:05 [INFO    ] mexc_client          Subscribed to ETH_USDT
2026-05-12 02:06:05 [INFO    ] mexc_client          Subscribed to XAUT_USDT
2026-05-12 02:06:05 [INFO    ] mexc_client          Subscribed to SILVER_USDT
2026-05-12 02:06:05 [INFO    ] mexc_client          Subscribed to USOIL_USDT
2026-05-12 02:06:05 [ERROR   ] mexc_client          API error GET /api/v1/private/account/assets: Please enable API Key read access
2026-05-12 02:06:05 [INFO    ] risk_manager         Daily reset | balance=100.00 USDT
2026-05-12 02:06:05 [INFO    ] main                 Starting balance: 100.00 USDT
2026-05-12 02:06:05 [INFO    ] main                 [RUN] Scalping loop started
2026-05-12 02:06:05 [INFO    ] main                 [DASHBOARD] Dashboard -> http://localhost:5000
2026-05-12 02:07:09 [ERROR   ] mexc_client          WebSocket error: fin=1 opcode=8 data=b''
2026-05-12 02:07:09 [WARNING ] mexc_client          WebSocket closed: None None
2026-05-12 02:07:14 [INFO    ] mexc_client          Reconnecting WebSocket...
2026-05-12 02:07:15 [INFO    ] mexc_client          WebSocket connected
2026-05-12 02:07:15 [INFO    ] mexc_client          WebSocket ready
2026-05-12 02:07:15 [INFO    ] mexc_client          Subscribed to BTC_USDT
2026-05-12 02:07:15 [INFO    ] mexc_client          Subscribed to ETH_USDT
2026-05-12 02:07:15 [INFO    ] mexc_client          Subscribed to XAUT_USDT
2026-05-12 02:07:15 [INFO    ] mexc_client          Subscribed to SILVER_USDT
2026-05-12 02:07:15 [INFO    ] mexc_client          Subscribed to USOIL_USDT
2026-05-12 02:08:24 [ERROR   ] mexc_client          WebSocket error: fin=1 opcode=8 data=b''
2026-05-12 02:08:24 [WARNING ] mexc_client          WebSocket closed: None None
2026-05-12 02:08:29 [INFO    ] mexc_client          Reconnecting WebSocket...
2026-05-12 02:08:30 [INFO    ] mexc_client          WebSocket connected
2026-05-12 02:08:30 [INFO    ] mexc_client          WebSocket ready
2026-05-12 02:08:30 [INFO    ] mexc_client          Subscribed to BTC_USDT
2026-05-12 02:08:30 [INFO    ] mexc_client          Subscribed to ETH_USDT
2026-05-12 02:08:30 [INFO    ] mexc_client          Subscribed to XAUT_USDT
2026-05-12 02:08:30 [INFO    ] mexc_client          Subscribed to SILVER_USDT
2026-05-12 02:08:30 [INFO    ] mexc_client          Subscribed to USOIL_USDT
2026-05-12 02:09:11 [INFO    ] main                 [DRY-RUN] DRY-RUN MODE - no real orders placed
2026-05-12 02:09:11 [INFO    ] mexc_client          MEXCClient initialized | dry_run=True
2026-05-12 02:09:11 [INFO    ] data_fetcher         Database initialized: data/trades.db
2026-05-12 02:09:11 [INFO    ] ai_analyst           AI Analyst running in rule-based mode (no GEMINI_API_KEY)
2026-05-12 02:09:11 [INFO    ] trader               Loaded 2 open positions from DB
2026-05-12 02:09:11 [INFO    ] trader               Trader ready | dry_run=True | open=2
2026-05-12 02:09:11 [INFO    ] main                 ============================================================
2026-05-12 02:09:11 [INFO    ] main                   MEXC SCALPING AI BOT  |  dry_run=True
2026-05-12 02:09:11 [INFO    ] main                   Symbols : BTC_USDT, ETH_USDT, XAUT_USDT, SILVER_USDT, USOIL_USDT
2026-05-12 02:09:11 [INFO    ] main                   Interval: Min1 | Check: 1s
2026-05-12 02:09:11 [INFO    ] main                 ============================================================
2026-05-12 02:09:11 [INFO    ] mexc_client          Testing MEXC connection...
2026-05-12 02:09:12 [ERROR   ] mexc_client          API error GET /api/v1/contract/ticker?symbol=BTC_USDT: Requests are too frequent, please try again later
2026-05-12 02:09:12 [ERROR   ] mexc_client          ✗ Public API failed
2026-05-12 02:09:12 [WARNING ] main                 [WARN] API test failed – running in reduced mode (public data only)
2026-05-12 02:09:12 [INFO    ] main                 Loading 1-minute historical data...
2026-05-12 02:09:12 [INFO    ] data_fetcher         Loading history for BTC_USDT...
2026-05-12 02:09:12 [INFO    ] data_fetcher           [OK] BTC_USDT: 300 candles loaded
2026-05-12 02:09:12 [INFO    ] data_fetcher         Loading history for ETH_USDT...
2026-05-12 02:09:13 [INFO    ] data_fetcher           [OK] ETH_USDT: 300 candles loaded
2026-05-12 02:09:13 [INFO    ] data_fetcher         Loading history for XAUT_USDT...
2026-05-12 02:09:13 [INFO    ] data_fetcher           [OK] XAUT_USDT: 300 candles loaded
2026-05-12 02:09:13 [INFO    ] data_fetcher         Loading history for SILVER_USDT...
2026-05-12 02:09:13 [INFO    ] data_fetcher           [OK] SILVER_USDT: 300 candles loaded
2026-05-12 02:09:13 [INFO    ] data_fetcher         Loading history for USOIL_USDT...
2026-05-12 02:09:14 [INFO    ] data_fetcher           [OK] USOIL_USDT: 301 candles loaded
2026-05-12 02:09:14 [INFO    ] data_fetcher         Database initialized: data/trades_htf.db
2026-05-12 02:09:14 [INFO    ] main                 Loading 5-minute higher-timeframe data...
2026-05-12 02:09:14 [INFO    ] data_fetcher         Loading history for BTC_USDT...
2026-05-12 02:09:14 [INFO    ] data_fetcher           [OK] BTC_USDT: 100 candles loaded
2026-05-12 02:09:14 [INFO    ] data_fetcher         Loading history for ETH_USDT...
2026-05-12 02:09:14 [INFO    ] data_fetcher           [OK] ETH_USDT: 100 candles loaded
2026-05-12 02:09:14 [INFO    ] data_fetcher         Loading history for XAUT_USDT...
2026-05-12 02:09:14 [INFO    ] data_fetcher           [OK] XAUT_USDT: 100 candles loaded
2026-05-12 02:09:14 [INFO    ] data_fetcher         Loading history for SILVER_USDT...
2026-05-12 02:09:15 [INFO    ] data_fetcher           [OK] SILVER_USDT: 100 candles loaded
2026-05-12 02:09:15 [INFO    ] data_fetcher         Loading history for USOIL_USDT...
2026-05-12 02:09:15 [INFO    ] data_fetcher           [OK] USOIL_USDT: 101 candles loaded
2026-05-12 02:09:15 [INFO    ] main                   Leverage set: BTC_USDT x 50
2026-05-12 02:09:16 [INFO    ] main                   Leverage set: ETH_USDT x 50
2026-05-12 02:09:16 [INFO    ] main                   Leverage set: XAUT_USDT x 50
2026-05-12 02:09:17 [INFO    ] main                   Leverage set: SILVER_USDT x 50
2026-05-12 02:09:17 [INFO    ] main                   Leverage set: USOIL_USDT x 50
2026-05-12 02:09:17 [INFO    ] main                 Initializing AI models...
2026-05-12 02:09:17 [INFO    ] ai_model             Loaded saved model for BTC_USDT
2026-05-12 02:09:17 [INFO    ] ai_model             Loaded saved model for ETH_USDT
2026-05-12 02:09:17 [INFO    ] ai_model             Loaded saved model for XAUT_USDT
2026-05-12 02:09:17 [INFO    ] ai_model             Loaded saved model for SILVER_USDT
2026-05-12 02:09:17 [INFO    ] ai_model             Loaded saved model for USOIL_USDT
2026-05-12 02:09:18 [INFO    ] mexc_client          WebSocket connected
2026-05-12 02:09:18 [INFO    ] mexc_client          WebSocket ready
2026-05-12 02:09:18 [INFO    ] mexc_client          Subscribed to BTC_USDT
2026-05-12 02:09:18 [INFO    ] main                 [OK] WebSocket live feed active
2026-05-12 02:09:18 [INFO    ] mexc_client          Subscribed to ETH_USDT
2026-05-12 02:09:18 [INFO    ] mexc_client          Subscribed to XAUT_USDT
2026-05-12 02:09:18 [INFO    ] mexc_client          Subscribed to SILVER_USDT
2026-05-12 02:09:18 [INFO    ] mexc_client          Subscribed to USOIL_USDT
2026-05-12 02:09:18 [ERROR   ] mexc_client          API error GET /api/v1/private/account/assets: Please enable API Key read access
2026-05-12 02:09:18 [INFO    ] risk_manager         Daily reset | balance=100.00 USDT
2026-05-12 02:09:18 [INFO    ] main                 Starting balance: 100.00 USDT
2026-05-12 02:09:18 [INFO    ] main                 [RUN] Scalping loop started
2026-05-12 02:09:18 [INFO    ] main                 [DASHBOARD] Dashboard -> http://localhost:5000
2026-05-12 02:10:19 [ERROR   ] mexc_client          WebSocket error: fin=1 opcode=8 data=b''
2026-05-12 02:10:19 [WARNING ] mexc_client          WebSocket closed: None None
2026-05-12 02:10:24 [INFO    ] mexc_client          Reconnecting WebSocket...
2026-05-12 02:10:29 [INFO    ] mexc_client          WebSocket connected
2026-05-12 02:10:30 [INFO    ] mexc_client          Subscribed to BTC_USDT
2026-05-12 02:10:30 [INFO    ] mexc_client          Subscribed to ETH_USDT
2026-05-12 02:10:30 [INFO    ] mexc_client          Subscribed to XAUT_USDT
2026-05-12 02:10:30 [INFO    ] mexc_client          Subscribed to SILVER_USDT
2026-05-12 02:10:30 [INFO    ] mexc_client          Subscribed to USOIL_USDT
2026-05-12 02:10:30 [INFO    ] mexc_client          WebSocket ready
2026-05-12 02:11:28 [ERROR   ] mexc_client          WebSocket error: fin=1 opcode=8 data=b''
2026-05-12 02:11:28 [WARNING ] mexc_client          WebSocket closed: None None
2026-05-12 02:11:33 [INFO    ] mexc_client          Reconnecting WebSocket...
2026-05-12 02:11:35 [INFO    ] mexc_client          WebSocket connected
2026-05-12 02:11:35 [INFO    ] mexc_client          WebSocket ready
2026-05-12 02:11:35 [INFO    ] mexc_client          Subscribed to BTC_USDT
2026-05-12 02:11:35 [INFO    ] mexc_client          Subscribed to ETH_USDT
2026-05-12 02:11:35 [INFO    ] mexc_client          Subscribed to XAUT_USDT
2026-05-12 02:11:35 [INFO    ] mexc_client          Subscribed to SILVER_USDT
2026-05-12 02:11:35 [INFO    ] mexc_client          Subscribed to USOIL_USDT
2026-05-12 02:12:39 [ERROR   ] mexc_client          WebSocket error: fin=1 opcode=8 data=b''
2026-05-12 02:12:39 [WARNING ] mexc_client          WebSocket closed: None None
2026-05-12 02:12:44 [INFO    ] mexc_client          Reconnecting WebSocket...
2026-05-12 02:12:45 [INFO    ] mexc_client          WebSocket connected
2026-05-12 02:12:45 [INFO    ] mexc_client          Subscribed to BTC_USDT
2026-05-12 02:12:45 [INFO    ] mexc_client          Subscribed to ETH_USDT
2026-05-12 02:12:45 [INFO    ] mexc_client          Subscribed to XAUT_USDT
2026-05-12 02:12:45 [INFO    ] mexc_client          WebSocket ready
2026-05-12 02:12:45 [INFO    ] mexc_client          Subscribed to SILVER_USDT
2026-05-12 02:12:45 [INFO    ] mexc_client          Subscribed to USOIL_USDT
2026-05-12 02:13:54 [ERROR   ] mexc_client          WebSocket error: fin=1 opcode=8 data=b''
2026-05-12 02:13:54 [WARNING ] mexc_client          WebSocket closed: None None
2026-05-12 02:13:59 [INFO    ] mexc_client          Reconnecting WebSocket...
2026-05-12 02:14:00 [INFO    ] mexc_client          WebSocket connected
2026-05-12 02:14:00 [INFO    ] mexc_client          WebSocket ready
2026-05-12 02:14:00 [INFO    ] mexc_client          Subscribed to BTC_USDT
2026-05-12 02:14:00 [INFO    ] mexc_client          Subscribed to ETH_USDT
2026-05-12 02:14:00 [INFO    ] mexc_client          Subscribed to XAUT_USDT
2026-05-12 02:14:00 [INFO    ] mexc_client          Subscribed to SILVER_USDT
2026-05-12 02:14:00 [INFO    ] mexc_client          Subscribed to USOIL_USDT
2026-05-12 02:14:05 [INFO    ] mexc_client          [DRY-RUN] place_order symbol=SILVER_USDT side=4 vol=500.0 slp=None tp=None
2026-05-12 02:14:05 [INFO    ] trader               [WIN] CLOSED BUY SILVER_USDT [TP] | exit=86.42 pnl=+2.60 USDT
2026-05-12 02:15:35 [INFO    ] main                 [DRY-RUN] DRY-RUN MODE - no real orders placed
2026-05-12 02:15:35 [INFO    ] mexc_client          MEXCClient initialized | dry_run=True
2026-05-12 02:15:35 [INFO    ] data_fetcher         Database initialized: data/trades.db
2026-05-12 02:15:35 [INFO    ] ai_analyst           AI Analyst running in rule-based mode (no GEMINI_API_KEY)
2026-05-12 02:15:35 [INFO    ] trader               Loaded 2 open positions from DB
2026-05-12 02:15:35 [INFO    ] trader               Trader ready | dry_run=True | open=2
2026-05-12 02:15:35 [INFO    ] main                 ============================================================
2026-05-12 02:15:35 [INFO    ] main                   MEXC SCALPING AI BOT  |  dry_run=True
2026-05-12 02:15:35 [INFO    ] main                   Symbols : BTC_USDT, ETH_USDT, XAUT_USDT, SILVER_USDT, USOIL_USDT
2026-05-12 02:15:35 [INFO    ] main                   Interval: Min1 | Check: 1s
2026-05-12 02:15:35 [INFO    ] main                 ============================================================
2026-05-12 02:15:35 [INFO    ] mexc_client          Testing MEXC connection...
2026-05-12 02:15:36 [ERROR   ] mexc_client          API error GET /api/v1/contract/ticker?symbol=BTC_USDT: Requests are too frequent, please try again later
2026-05-12 02:15:36 [ERROR   ] mexc_client          ✗ Public API failed
2026-05-12 02:15:36 [WARNING ] main                 [WARN] API test failed – running in reduced mode (public data only)
2026-05-12 02:15:36 [INFO    ] main                 Loading 1-minute historical data...
2026-05-12 02:15:36 [INFO    ] data_fetcher         Loading history for BTC_USDT...
2026-05-12 02:15:37 [INFO    ] data_fetcher           [OK] BTC_USDT: 300 candles loaded
2026-05-12 02:15:37 [INFO    ] data_fetcher         Loading history for ETH_USDT...
2026-05-12 02:15:37 [INFO    ] data_fetcher           [OK] ETH_USDT: 300 candles loaded
2026-05-12 02:15:37 [INFO    ] data_fetcher         Loading history for XAUT_USDT...
2026-05-12 02:15:37 [INFO    ] data_fetcher           [OK] XAUT_USDT: 300 candles loaded
2026-05-12 02:15:37 [INFO    ] data_fetcher         Loading history for SILVER_USDT...
2026-05-12 02:15:37 [INFO    ] data_fetcher           [OK] SILVER_USDT: 300 candles loaded
2026-05-12 02:15:37 [INFO    ] data_fetcher         Loading history for USOIL_USDT...
2026-05-12 02:15:38 [INFO    ] data_fetcher           [OK] USOIL_USDT: 301 candles loaded
2026-05-12 02:15:38 [INFO    ] data_fetcher         Database initialized: data/trades_htf.db
2026-05-12 02:15:38 [INFO    ] main                 Loading 5-minute higher-timeframe data...
2026-05-12 02:15:38 [INFO    ] data_fetcher         Loading history for BTC_USDT...
2026-05-12 02:15:38 [INFO    ] data_fetcher           [OK] BTC_USDT: 100 candles loaded
2026-05-12 02:15:38 [INFO    ] data_fetcher         Loading history for ETH_USDT...
2026-05-12 02:15:38 [INFO    ] data_fetcher           [OK] ETH_USDT: 100 candles loaded
2026-05-12 02:15:38 [INFO    ] data_fetcher         Loading history for XAUT_USDT...
2026-05-12 02:15:38 [INFO    ] data_fetcher           [OK] XAUT_USDT: 100 candles loaded
2026-05-12 02:15:38 [INFO    ] data_fetcher         Loading history for SILVER_USDT...
2026-05-12 02:15:39 [INFO    ] data_fetcher           [OK] SILVER_USDT: 100 candles loaded
2026-05-12 02:15:39 [INFO    ] data_fetcher         Loading history for USOIL_USDT...
2026-05-12 02:15:39 [INFO    ] data_fetcher           [OK] USOIL_USDT: 101 candles loaded
2026-05-12 02:15:39 [INFO    ] main                   Leverage set: BTC_USDT x 50
2026-05-12 02:15:40 [INFO    ] main                   Leverage set: ETH_USDT x 50
2026-05-12 02:15:40 [INFO    ] main                   Leverage set: XAUT_USDT x 50
2026-05-12 02:15:41 [INFO    ] main                   Leverage set: SILVER_USDT x 50
2026-05-12 02:15:41 [INFO    ] main                   Leverage set: USOIL_USDT x 50
2026-05-12 02:15:41 [INFO    ] main                 Initializing AI models...
2026-05-12 02:15:41 [INFO    ] ai_model             Loaded saved model for BTC_USDT
2026-05-12 02:15:41 [INFO    ] ai_model             Loaded saved model for ETH_USDT
2026-05-12 02:15:41 [INFO    ] ai_model             Loaded saved model for XAUT_USDT
2026-05-12 02:15:41 [INFO    ] ai_model             Loaded saved model for SILVER_USDT
2026-05-12 02:15:41 [INFO    ] ai_model             Loaded saved model for USOIL_USDT
2026-05-12 02:15:42 [INFO    ] mexc_client          WebSocket connected
2026-05-12 02:15:42 [INFO    ] mexc_client          WebSocket ready
2026-05-12 02:15:42 [INFO    ] mexc_client          Subscribed to BTC_USDT
2026-05-12 02:15:42 [INFO    ] main                 [OK] WebSocket live feed active
2026-05-12 02:15:42 [INFO    ] mexc_client          Subscribed to ETH_USDT
2026-05-12 02:15:42 [INFO    ] mexc_client          Subscribed to XAUT_USDT
2026-05-12 02:15:42 [INFO    ] mexc_client          Subscribed to SILVER_USDT
2026-05-12 02:15:42 [INFO    ] mexc_client          Subscribed to USOIL_USDT
2026-05-12 02:15:42 [ERROR   ] mexc_client          API error GET /api/v1/private/account/assets: Please enable API Key read access
2026-05-12 02:15:42 [INFO    ] risk_manager         Daily reset | balance=100.00 USDT
2026-05-12 02:15:42 [INFO    ] main                 Starting balance: 100.00 USDT
2026-05-12 02:15:42 [INFO    ] main                 [RUN] Scalping loop started
2026-05-12 02:15:42 [INFO    ] main                 [DASHBOARD] Dashboard -> http://localhost:5000
2026-05-12 02:15:43 [INFO    ] mexc_client          [DRY-RUN] place_order symbol=SILVER_USDT side=4 vol=500.0 slp=None tp=None
2026-05-12 02:15:43 [INFO    ] trader               [WIN] CLOSED BUY SILVER_USDT [TP] | exit=86.3 pnl=+2.00 USDT
2026-05-12 02:15:55 [WARNING ] strategy             [WARN] AI risk veto ETH_USDT: ETH_USDT: Risk HIGH -- extreme conditions. No new entries; tighten stops.
2026-05-12 02:15:57 [WARNING ] strategy             [WARN] AI risk veto ETH_USDT: ETH_USDT: Risk HIGH -- extreme conditions. No new entries; tighten stops.
2026-05-12 02:15:59 [WARNING ] strategy             [WARN] AI risk veto ETH_USDT: ETH_USDT: Risk HIGH -- extreme conditions. No new entries; tighten stops.
2026-05-12 02:16:01 [WARNING ] strategy             [WARN] AI risk veto ETH_USDT: ETH_USDT: Risk HIGH -- extreme conditions. No new entries; tighten stops.
2026-05-12 02:16:03 [WARNING ] strategy             [WARN] AI risk veto ETH_USDT: ETH_USDT: Risk HIGH -- extreme conditions. No new entries; tighten stops.
2026-05-12 02:16:05 [WARNING ] strategy             [WARN] AI risk veto ETH_USDT: ETH_USDT: Risk HIGH -- extreme conditions. No new entries; tighten stops.
2026-05-12 02:16:08 [WARNING ] strategy             [WARN] AI risk veto ETH_USDT: ETH_USDT: Risk HIGH -- extreme conditions. No new entries; tighten stops.
2026-05-12 02:16:10 [WARNING ] strategy             [WARN] AI risk veto ETH_USDT: ETH_USDT: Risk HIGH -- extreme conditions. No new entries; tighten stops.
2026-05-12 02:16:11 [WARNING ] strategy             [WARN] AI risk veto ETH_USDT: ETH_USDT: Risk HIGH -- extreme conditions. No new entries; tighten stops.
2026-05-12 02:16:13 [WARNING ] strategy             [WARN] AI risk veto ETH_USDT: ETH_USDT: Risk HIGH -- extreme conditions. No new entries; tighten stops.
2026-05-12 02:16:17 [WARNING ] strategy             [WARN] AI risk veto ETH_USDT: ETH_USDT: Risk HIGH -- extreme conditions. No new entries; tighten stops.
2026-05-12 02:16:43 [WARNING ] strategy             [WARN] AI risk veto ETH_USDT: ETH_USDT: Risk HIGH -- extreme conditions. No new entries; tighten stops.
2026-05-12 02:16:45 [WARNING ] strategy             [WARN] AI risk veto ETH_USDT: ETH_USDT: Risk HIGH -- extreme conditions. No new entries; tighten stops.
2026-05-12 02:16:47 [WARNING ] strategy             [WARN] AI risk veto ETH_USDT: ETH_USDT: Risk HIGH -- extreme conditions. No new entries; tighten stops.
2026-05-12 02:16:50 [WARNING ] strategy             [WARN] AI risk veto ETH_USDT: ETH_USDT: Risk HIGH -- extreme conditions. No new entries; tighten stops.
2026-05-12 02:16:51 [ERROR   ] mexc_client          WebSocket error: fin=1 opcode=8 data=b''
2026-05-12 02:16:51 [WARNING ] mexc_client          WebSocket closed: None None
2026-05-12 02:16:52 [WARNING ] strategy             [WARN] AI risk veto ETH_USDT: ETH_USDT: Risk HIGH -- extreme conditions. No new entries; tighten stops.
2026-05-12 02:16:54 [WARNING ] strategy             [WARN] AI risk veto ETH_USDT: ETH_USDT: Risk HIGH -- extreme conditions. No new entries; tighten stops.
